// Jest Snapshot v1, https://goo.gl/fbAQLP

exports[`Footer snapshot 1`] = `
<footer
  className="footer fixed-footer bg-primary p-3 p-3"
>
  <div
    className="text-center"
  >
    <span
      className="h6 text-light align-middle justify-content-center"
    >
      Built by rad people at Northview Church!
    </span>
  </div>
</footer>
`;
