// Jest Snapshot v1, https://goo.gl/fbAQLP

exports[`Footer snapshot 1`] = `
<footer
  className="footer bg-dark"
>
  <div
    className="text-center"
  >
    <span
      className="h3 text-light align-middle"
    >
      USED TO BE...
    </span>
    <a
      href="https://darksky.net/poweredby/"
      rel="noopener noreferrer"
      target="_blank"
    >
      <img
        alt="Powered By DarkSky"
        src="poweredby-darksky-darkbackground.png"
        style={
          Object {
            "width": "50%",
          }
        }
      />
    </a>
  </div>
</footer>
`;
