// Jest Snapshot v1, https://goo.gl/fbAQLP

exports[`Header snapshot 1`] = `
<header>
  <nav
    className="navbar navbar-expand-sm bg-primary fixed-top"
  >
    <a
      className="navbar-brand text-light"
      href="/"
      onClick={[Function]}
    >
      Playlister
    </a>
  </nav>
</header>
`;
